NIE
NIE
NIE
NIE
NIE
NIE
NIE
NIE
NIE
NIE
NIE
NIE
NIE
TAK
NIE
NIE
NIE
NIE
NIE
NIE
NIE
NIE
NIE
NIE
NIE
NIE
NIE
NIE
NIE
NIE
NIE
NIE
NIE
NIE
TAK
NIE
NIE
NIE
NIE
NIE
TAK
NIE
NIE
NIE
NIE
TAK
TAK
NIE
TAK
NIE
NIE
NIE
NIE
NIE
NIE
NIE
NIE
NIE
NIE
NIE
NIE
NIE
TAK
NIE
NIE
NIE
NIE
NIE
NIE
NIE
NIE
NIE
NIE
NIE
NIE
NIE
NIE
NIE
NIE
NIE
NIE
NIE
NIE
TAK
TAK
NIE
TAK
NIE
NIE
NIE
NIE
NIE
NIE
NIE
NIE
NIE
NIE
NIE
NIE
NIE
